main.c:33:5:main	16	static
main.c:58:6:vTask1_handler	16	static
main.c:67:6:vTask2_handler	16	static
main.c:76:6:rtos_delay	24	static
main.c:82:6:printmsg	16	static
main.c:95:6:StartDefaultTask	16	static
main.c:106:6:SystemClock_Config	232	static
main.c:166:13:MX_ETH_Init	16	static
main.c:211:13:MX_USART3_UART_Init	8	static
main.c:246:13:MX_USB_OTG_FS_PCD_Init	8	static
main.c:281:13:MX_GPIO_Init	56	static
main.c:344:6:HAL_GPIO_EXTI_Callback	16	static
main.c:354:6:HAL_TIM_PeriodElapsedCallback	16	static
main.c:371:6:Error_Handler	4	static
