main.c:50:5:main	16	static
main.c:78:13:matrix_task	168	static
main.c:134:13:communication_task	128	static
main.c:160:13:priorityset_task	16	static
main.c:179:6:vApplicationTickHook	4	static
main.c:191:6:StartDefaultTask	16	static
main.c:202:6:SystemClock_Config	232	static
main.c:262:13:MX_ETH_Init	16	static
main.c:307:13:MX_USART3_UART_Init	8	static
main.c:342:13:MX_USB_OTG_FS_PCD_Init	8	static
main.c:377:13:MX_GPIO_Init	56	static
main.c:440:6:HAL_GPIO_EXTI_Callback	16	static
main.c:450:6:HAL_TIM_PeriodElapsedCallback	16	static
main.c:467:6:Error_Handler	4	static
